
ACER@DESKTOP-6V4HOAH MINGW64 ~/Desktop/github/demo (master)
$ git add .

ACER@DESKTOP-6V4HOAH MINGW64 ~/Desktop/github/demo (master)
$ git remote add origin https://github.com/durgaraoande/durgarao.git
error: remote origin already exists.

ACER@DESKTOP-6V4HOAH MINGW64 ~/Desktop/github/demo (master)
$ git push -u origin master
error: src refspec master does not match any
error: failed to push some refs to 'https://github.com/durgaraoande/durgarao.git'

ACER@DESKTOP-6V4HOAH MINGW64 ~/Desktop/github/demo (master)
$ ls
README.md  file1  file1.txt  file2.txt

ACER@DESKTOP-6V4HOAH MINGW64 ~/Desktop/github/demo (master)
$ ls -a
./  ../  README.md  file1  file1.txt  file2.txt

ACER@DESKTOP-6V4HOAH MINGW64 ~/Desktop/github/demo (master)
$ git init
Initialized empty Git repository in C:/Users/ACER/Desktop/github/demo/.git/

ACER@DESKTOP-6V4HOAH MINGW64 ~/Desktop/github/demo (master)
$ git remote

ACER@DESKTOP-6V4HOAH MINGW64 ~/Desktop/github/demo (master)
$ git remote

ACER@DESKTOP-6V4HOAH MINGW64 ~/Desktop/github/demo (master)
$ git push -u origin master
error: src refspec master does not match any
error: failed to push some refs to 'origin'

ACER@DESKTOP-6V4HOAH MINGW64 ~/Desktop/github/demo (master)
$ git status
On branch master

No commits yet

Untracked files:
  (use "git add <file>..." to include in what will be committed)
        README.md
        file1
        file1.txt
        file2.txt

nothing added to commit but untracked files present (use "git add" to track)

ACER@DESKTOP-6V4HOAH MINGW64 ~/Desktop/github/demo (master)
$ git add
Nothing specified, nothing added.
hint: Maybe you wanted to say 'git add .'?
hint: Turn this message off by running
hint: "git config advice.addEmptyPathspec false"

ACER@DESKTOP-6V4HOAH MINGW64 ~/Desktop/github/demo (master)
$ git add --all

ACER@DESKTOP-6V4HOAH MINGW64 ~/Desktop/github/demo (master)
$ git status
On branch master

No commits yet

Changes to be committed:
  (use "git rm --cached <file>..." to unstage)
        new file:   README.md
        new file:   file1
        new file:   file1.txt
        new file:   file2.txt


ACER@DESKTOP-6V4HOAH MINGW64 ~/Desktop/github/demo (master)
$ git commit -m "file2added"
[master (root-commit) 0e298f2] file2added
 4 files changed, 0 insertions(+), 0 deletions(-)
 create mode 100644 README.md
 create mode 100644 file1
 create mode 100644 file1.txt
 create mode 100644 file2.txt

ACER@DESKTOP-6V4HOAH MINGW64 ~/Desktop/github/demo (master)
$ git remote add origin https://github.com/durgaraoande/durgarao.git

ACER@DESKTOP-6V4HOAH MINGW64 ~/Desktop/github/demo (master)
$ git push -u origin main
error: src refspec main does not match any
error: failed to push some refs to 'https://github.com/durgaraoande/durgarao.git'

ACER@DESKTOP-6V4HOAH MINGW64 ~/Desktop/github/demo (master)
$ git push -u origin master
fatal: helper error (-1): User cancelled dialog.
durgaraoandeAbdr123?
remote: No anonymous write access.
fatal: Authentication failed for 'https://github.com/durgaraoande/durgarao.git/'

ACER@DESKTOP-6V4HOAH MINGW64 ~/Desktop/github/demo (master)
$ durgaraoandeAbdr123?
bash: durgaraoandeAbdr123?: command not found

ACER@DESKTOP-6V4HOAH MINGW64 ~/Desktop/github/demo (master)
$ git push -u origin master
Enumerating objects: 3, done.
Counting objects: 100% (3/3), done.
Delta compression using up to 4 threads
Compressing objects: 100% (2/2), done.
Writing objects: 100% (3/3), 228 bytes | 228.00 KiB/s, done.
Total 3 (delta 0), reused 0 (delta 0), pack-reused 0
To https://github.com/durgaraoande/durgarao.git
 * [new branch]      master -> master
branch 'master' set up to track 'origin/master'.

ACER@DESKTOP-6V4HOAH MINGW64 ~/Desktop/github/demo (master)
$ git log
commit 0e298f2b31c20015c3b80990864db02a1c9c3b75 (HEAD -> master, origin/master)
Author: durgaraoande <durgaraoande9@gmail.com>
Date:   Thu Mar 3 19:13:17 2022 +0530

    file2added

ACER@DESKTOP-6V4HOAH MINGW64 ~/Desktop/github/demo (master)
$ touch file3.txt

ACER@DESKTOP-6V4HOAH MINGW64 ~/Desktop/github/demo (master)
$ add --all
bash: add: command not found

ACER@DESKTOP-6V4HOAH MINGW64 ~/Desktop/github/demo (master)
$ git status
On branch master
Your branch is up to date with 'origin/master'.

Untracked files:
  (use "git add <file>..." to include in what will be committed)
        file3.txt

nothing added to commit but untracked files present (use "git add" to track)

ACER@DESKTOP-6V4HOAH MINGW64 ~/Desktop/github/demo (master)
$ git add --all

ACER@DESKTOP-6V4HOAH MINGW64 ~/Desktop/github/demo (master)
$ git status
On branch master
Your branch is up to date with 'origin/master'.

Changes to be committed:
  (use "git restore --staged <file>..." to unstage)
        new file:   file3.txt


ACER@DESKTOP-6V4HOAH MINGW64 ~/Desktop/github/demo (master)
$ git remote add origin https://github.com/durgaraoande/durgarao.git
error: remote origin already exists.

ACER@DESKTOP-6V4HOAH MINGW64 ~/Desktop/github/demo (master)
$ git push -u origin master
fatal: unable to access 'https://github.com/durgaraoande/durgarao.git/': Could not resolve host: github.com

ACER@DESKTOP-6V4HOAH MINGW64 ~/Desktop/github/demo (master)
$ git status
On branch master
Your branch is up to date with 'origin/master'.

Changes to be committed:
  (use "git restore --staged <file>..." to unstage)
        new file:   file3.txt


ACER@DESKTOP-6V4HOAH MINGW64 ~/Desktop/github/demo (master)
$ git commit -m "file3added"
[master 4cbdc74] file3added
 1 file changed, 0 insertions(+), 0 deletions(-)
 create mode 100644 file3.txt

ACER@DESKTOP-6V4HOAH MINGW64 ~/Desktop/github/demo (master)
$ git push -u origin master
Enumerating objects: 3, done.
Counting objects: 100% (3/3), done.
Delta compression using up to 4 threads
Compressing objects: 100% (2/2), done.
Writing objects: 100% (2/2), 228 bytes | 228.00 KiB/s, done.
Total 2 (delta 1), reused 0 (delta 0), pack-reused 0
remote: Resolving deltas: 100% (1/1), completed with 1 local object.
To https://github.com/durgaraoande/durgarao.git
   0e298f2..4cbdc74  master -> master
branch 'master' set up to track 'origin/master'.

ACER@DESKTOP-6V4HOAH MINGW64 ~/Desktop/github/demo (master)
$ git log
commit 4cbdc7493d7bb8d96879256c7150524b59f24120 (HEAD -> master, origin/master)
Author: durgaraoande <durgaraoande9@gmail.com>
Date:   Thu Mar 3 19:26:17 2022 +0530

    file3added

commit 0e298f2b31c20015c3b80990864db02a1c9c3b75
Author: durgaraoande <durgaraoande9@gmail.com>
Date:   Thu Mar 3 19:13:17 2022 +0530

    file2added

ACER@DESKTOP-6V4HOAH MINGW64 ~/Desktop/github/demo (master)
$ git log --online
fatal: unrecognized argument: --online

ACER@DESKTOP-6V4HOAH MINGW64 ~/Desktop/github/demo (master)
$ git log --oneline
4cbdc74 (HEAD -> master, origin/master) file3added
0e298f2 file2added

ACER@DESKTOP-6V4HOAH MINGW64 ~/Desktop/github/demo (master)
$ git checkout 0e298f2
Note: switching to '0e298f2'.

You are in 'detached HEAD' state. You can look around, make experimental
changes and commit them, and you can discard any commits you make in this
state without impacting any branches by switching back to a branch.

If you want to create a new branch to retain commits you create, you may
do so (now or later) by using -c with the switch command. Example:

  git switch -c <new-branch-name>

Or undo this operation with:

  git switch -

Turn off this advice by setting config variable advice.detachedHead to false

HEAD is now at 0e298f2 file2added

ACER@DESKTOP-6V4HOAH MINGW64 ~/Desktop/github/demo ((0e298f2...))
$ git log --oneline
0e298f2 (HEAD) file2added

ACER@DESKTOP-6V4HOAH MINGW64 ~/Desktop/github/demo ((0e298f2...))
$ git checkout master
Previous HEAD position was 0e298f2 file2added
Switched to branch 'master'
Your branch is up to date with 'origin/master'.

ACER@DESKTOP-6V4HOAH MINGW64 ~/Desktop/github/demo (master)
$ git --log
unknown option: --log
usage: git [--version] [--help] [-C <path>] [-c <name>=<value>]
           [--exec-path[=<path>]] [--html-path] [--man-path] [--info-path]
           [-p | --paginate | -P | --no-pager] [--no-replace-objects] [--bare]
           [--git-dir=<path>] [--work-tree=<path>] [--namespace=<name>]
           [--super-prefix=<path>] [--config-env=<name>=<envvar>]
           <command> [<args>]

ACER@DESKTOP-6V4HOAH MINGW64 ~/Desktop/github/demo (master)
$ git log --oneline
4cbdc74 (HEAD -> master, origin/master) file3added
0e298f2 file2added

ACER@DESKTOP-6V4HOAH MINGW64 ~/Desktop/github/demo (master)
$ git add .

ACER@DESKTOP-6V4HOAH MINGW64 ~/Desktop/github/demo (master)
$ git commit -m "file2 and file3 changed"
[master 72b7a7c] file2 and file3 changed
 2 files changed, 2 insertions(+)

ACER@DESKTOP-6V4HOAH MINGW64 ~/Desktop/github/demo (master)
$ git log --oneline
72b7a7c (HEAD -> master) file2 and file3 changed
4cbdc74 (origin/master) file3added
0e298f2 file2added

ACER@DESKTOP-6V4HOAH MINGW64 ~/Desktop/github/demo (master)
$ git add .

ACER@DESKTOP-6V4HOAH MINGW64 ~/Desktop/github/demo (master)
$ git commit -m "file3 changed"
[master 6b38dc9] file3 changed
 1 file changed, 1 insertion(+)

ACER@DESKTOP-6V4HOAH MINGW64 ~/Desktop/github/demo (master)
$ git log --oneline
6b38dc9 (HEAD -> master) file3 changed
72b7a7c file2 and file3 changed
4cbdc74 (origin/master) file3added
0e298f2 file2added

ACER@DESKTOP-6V4HOAH MINGW64 ~/Desktop/github/demo (master)
$
